The original file does not still exist!
Found item: path_renamed_file.txt
柴犬
The original file does not still exist!
Found item: path_renamed_file.txt
柴犬
run_with_sub_dir: The original file does not still exist!
run_with_different_sub_dirs: The original file does not still exist!
