File exists? true
SCENE III. A room in the castle.

    Enter KING CLAUDIUS, ROSENCRANTZ, and GUILDENSTERN 

KING CLAUDIUS

    I like him not, nor stands it safe with us
    To let his madness range. Therefore prepare you;
    I your commission will forthwith dispatch,
