"/.app"
"/.private"
"/bin"
"/dev"
"/etc"
"/fyi"
"/hamlet"
"/tmp"
"/hamlet/act1/../README.md"
"/hamlet/act1/../act1"
"/hamlet/act1/../act2"
"/hamlet/act1/../act3"
"/hamlet/act1/../act4"
"/hamlet/act1/../act5"
"/hamlet/act1/../bookmarks"
"/."
"//"
"/."
"//"
ROOT IS SAFE
