ACT V
SCENE I. A churchyard.

    Enter two Clowns, with spades,
ACT V
SCENE I. A churchyard.

    Enter two Clowns, with spades,
Path was deleted!
